ARM Linker, 4.1 [Build 481] [Standard]

==============================================================================

Section Cross References

    stm32f10x_it.o(.text) refers to stm32f10x_usart.o(.text) for USART_GetFlagStatus
    stm32f10x_it.o(.text) refers to strncmp.o(.text) for strncmp
    stm32f10x_it.o(.text) refers to bsp.o(.text) for ClearRAM
    stm32f10x_it.o(.text) refers to c89printf.o(.text) for __c89printf
    stm32f10x_it.o(.text) refers to __2printf.o(.text) for __2printf
    stm32f10x_it.o(.text) refers to stm32f10x_tim.o(.text) for TIM_GetITStatus
    stm32f10x_it.o(.text) refers to stm32f10x_can.o(.text) for CAN_Receive
    stm32f10x_it.o(.text) refers to stm32f10x_it.o(.data) for ATLEN
    stm32f10x_it.o(.text) refers to stm32f10x_it.o(.bss) for ATCmd
    stm32f10x_it.o(.text) refers to chinese.o(.constdata) for STR000
    stm32f10x_it.o(.text) refers to bsp.o(.data) for LEDControlSP
    stm32f10x_it.o(.text) refers to bsp.o(.bss) for RxRAM
    main.o(.text) refers to bsp.o(.text) for Bsp_Init
    main.o(.text) refers to iso15765_4.o(.text) for ISO15765_4Setting
    main.o(.text) refers to iso14230_4.o(.text) for ISO14230_4Setting
    main.o(.text) refers to iso9141_2.o(.text) for ISO9141_2Setting
    main.o(.text) refers to c89printf.o(.text) for __c89printf
    main.o(.text) refers to stm32f10x_it.o(.bss) for IRQVar
    main.o(.text) refers to stm32f10x_it.o(.data) for CotrolVale
    main.o(.text) refers to tab.o(.data) for CANCPTab1
    main.o(.text) refers to chinese.o(.constdata) for STR001
    iso15765_4.o(.text) refers to _printf_percent.o(.ARM.Collect$$_printf_percent$$00000000) for _printf_percent
    iso15765_4.o(.text) refers to _printf_pad.o(.text) for _printf_pre_padding
    iso15765_4.o(.text) refers to _printf_f.o(.ARM.Collect$$_printf_percent$$00000003) for _printf_f
    iso15765_4.o(.text) refers to _printf_e.o(.ARM.Collect$$_printf_percent$$00000004) for _printf_e
    iso15765_4.o(.text) refers to _printf_g.o(.ARM.Collect$$_printf_percent$$00000005) for _printf_g
    iso15765_4.o(.text) refers to _printf_a.o(.ARM.Collect$$_printf_percent$$00000006) for _printf_a
    iso15765_4.o(.text) refers to printf2.o(x$fpl$printf2) for _printf_fp_hex
    iso15765_4.o(.text) refers to printf1.o(x$fpl$printf1) for _printf_fp_dec
    iso15765_4.o(.text) refers to _printf_truncate.o(.text) for _printf_truncate_unsigned
    iso15765_4.o(.text) refers to _printf_d.o(.ARM.Collect$$_printf_percent$$00000009) for _printf_d
    iso15765_4.o(.text) refers to _printf_i.o(.ARM.Collect$$_printf_percent$$00000008) for _printf_i
    iso15765_4.o(.text) refers to _printf_u.o(.ARM.Collect$$_printf_percent$$0000000A) for _printf_u
    iso15765_4.o(.text) refers to _printf_o.o(.ARM.Collect$$_printf_percent$$0000000B) for _printf_o
    iso15765_4.o(.text) refers to _printf_x.o(.ARM.Collect$$_printf_percent$$0000000C) for _printf_x
    iso15765_4.o(.text) refers to _printf_c.o(.ARM.Collect$$_printf_percent$$00000013) for _printf_c
    iso15765_4.o(.text) refers to _printf_lc.o(.ARM.Collect$$_printf_percent$$00000015) for _printf_lc
    iso15765_4.o(.text) refers to _printf_dec.o(.text) for _printf_int_dec
    iso15765_4.o(.text) refers to _printf_oct_int_ll.o(.text) for _printf_longlong_oct
    iso15765_4.o(.text) refers to _printf_hex_int_ll_ptr.o(.text) for _printf_longlong_hex
    iso15765_4.o(.text) refers to _printf_str.o(.text) for _printf_str
    iso15765_4.o(.text) refers to _printf_wctomb.o(.text) for _printf_wctomb
    iso15765_4.o(.text) refers to rt_memclr_w.o(.text) for __aeabi_memclr4
    iso15765_4.o(.text) refers to strncmp.o(.text) for strncmp
    iso15765_4.o(.text) refers to __2printf.o(.text) for __2printf
    iso15765_4.o(.text) refers to strlen.o(.text) for strlen
    iso15765_4.o(.text) refers to fflt_clz.o(x$fpl$ffltu) for __aeabi_ui2f
    iso15765_4.o(.text) refers to f2d.o(x$fpl$f2d) for __aeabi_f2d
    iso15765_4.o(.text) refers to ffixu.o(x$fpl$ffixu) for __aeabi_f2uiz
    iso15765_4.o(.text) refers to c89printf.o(.text) for __c89printf
    iso15765_4.o(.text) refers to iso15765_4.o(.data) for Count
    iso15765_4.o(.text) refers to chinese.o(.constdata) for STR160
    iso15765_4.o(.text) refers to iso15765_4.o(.constdata) for DSControl15765
    iso15765_4.o(.text) refers to stm32f10x_it.o(.bss) for IRQVar
    iso15765_4.o(.text) refers to iso14230_4.o(.text) for SetISO14230CmdTabRam
    iso15765_4.o(.text) refers to iso9141_2.o(.text) for SetISO9141CmdTabRam
    iso15765_4.o(.text) refers to bsp.o(.text) for ClearRAM
    iso15765_4.o(.text) refers to strncpy.o(.text) for strncpy
    iso15765_4.o(.text) refers to stm32f10x_it.o(.data) for CotrolVale
    iso15765_4.o(.text) refers to iso15765_4.o(.bss) for DTCRAM
    iso15765_4.o(.text) refers to stm32f10x_can.o(.text) for CAN_Transmit
    iso15765_4.o(.text) refers to delay.o(.text) for delay_ms
    iso15765_4.o(.text) refers to fflt_clz.o(x$fpl$fflt) for __aeabi_i2f
[...]
    GetDSNumber                              0x08000863   Thumb Code    86  iso15765_4.o(.text)
    SetDSRAM                                 0x080008b9   Thumb Code   534  iso15765_4.o(.text)
    SetISO15765CmdTabRam                     0x08000acf   Thumb Code   604  iso15765_4.o(.text)
    SetDTCTab                                0x08000d2b   Thumb Code    54  iso15765_4.o(.text)
    OneDTCNum                                0x08000d61   Thumb Code   164  iso15765_4.o(.text)
    SetDTCRAM                                0x08000e05   Thumb Code   412  iso15765_4.o(.text)
    ISO15765_4Setting                        0x08000fa1   Thumb Code  1524  iso15765_4.o(.text)
    gzmsl                                    0x08001595   Thumb Code    22  iso15765_4.o(.text)
    gzdzt                                    0x080015ab   Thumb Code    52  iso15765_4.o(.text)
    zcshjc                                   0x080015df   Thumb Code    52  iso15765_4.o(.text)
    zcryjc                                   0x08001613   Thumb Code    52  iso15765_4.o(.text)
    zcbjjc                                   0x08001647   Thumb Code    52  iso15765_4.o(.text)
    shjcjx                                   0x0800167b   Thumb Code   126  iso15765_4.o(.text)
    ryjcjx                                   0x080016f9   Thumb Code    54  iso15765_4.o(.text)
    bjjcjx                                   0x0800172f   Thumb Code    54  iso15765_4.o(.text)
    zczyjc                                   0x08001765   Thumb Code    56  iso15765_4.o(.text)
    zcfqjc                                   0x0800179d   Thumb Code    56  iso15765_4.o(.text)
    zcpmjc                                   0x080017d5   Thumb Code    56  iso15765_4.o(.text)
    zcegjc                                   0x0800180d   Thumb Code    56  iso15765_4.o(.text)
    nmhcjx                                   0x08001845   Thumb Code    54  iso15765_4.o(.text)
    dyhcjx                                   0x0800187b   Thumb Code    54  iso15765_4.o(.text)
    zyyljx                                   0x080018b1   Thumb Code    54  iso15765_4.o(.text)
    zcegjx                                   0x080018e7   Thumb Code    54  iso15765_4.o(.text)
    swpcbu                                   0x0800191d   Thumb Code   212  iso15765_4.o(.text)
    ryxizt                                   0x080019f1   Thumb Code   132  iso15765_4.o(.text)
    fhjsz                                    0x08001a75   Thumb Code    22  iso15765_4.o(.text)
    flqwd                                    0x08001a8b   Thumb Code    14  iso15765_4.o(.text)
    dqryxz                                   0x08001a99   Thumb Code    32  iso15765_4.o(.text)
    ygyl                                     0x08001ab9   Thumb Code    84  iso15765_4.o(.text)
    fdjzs                                    0x08001b0d   Thumb Code    16  iso15765_4.o(.text)
    qgjdyl                                   0x08001b1d   Thumb Code     2  iso15765_4.o(.text)
    qgdhtqj                                  0x08001b1f   Thumb Code    26  iso15765_4.o(.text)
    zlkqll                                   0x08001b39   Thumb Code    14  iso15765_4.o(.text)
    ycgqdy                                   0x08001b47   Thumb Code    42  iso15765_4.o(.text)
    fdjqdsj                                  0x08001b71   Thumb Code     2  iso15765_4.o(.text)
    fdjqdsj1                                 0x08001b73   Thumb Code    14  iso15765_4.o(.text)
    qgzkyl                                   0x08001b81   Thumb Code    42  iso15765_4.o(.text)
    ygyl1                                    0x08001bab   Thumb Code    14  iso15765_4.o(.text)
    dlb                                      0x08001bb9   Thumb Code    24  iso15765_4.o(.text)
    ryzqyl                                   0x08001bd1   Thumb Code    54  iso15765_4.o(.text)
    ycgqdl                                   0x08001c07   Thumb Code    16  iso15765_4.o(.text)
    chjwd                                    0x08001c17   Thumb Code    22  iso15765_4.o(.text)
    ycgqdy1                                  0x08001c2d   Thumb Code    24  iso15765_4.o(.text)
    kzmkdy                                   0x08001c45   Thumb Code    42  iso15765_4.o(.text)
    jdfhz                                    0x08001c6f   Thumb Code    22  iso15765_4.o(.text)
    yyzqyl                                   0x08001c85   Thumb Code    14  iso15765_4.o(.text)
    zqpfxtyl                                 0x08001c93   Thumb Code    32  iso15765_4.o(.text)
    pyzs                                     0x08001cb3   Thumb Code    42  iso15765_4.o(.text)
    fdjgyl                                   0x08001cdd   Thumb Code    42  iso15765_4.o(.text)
    clpfyq                                   0x08001d07   Thumb Code    14  iso15765_4.o(.text)
    zleckqps                                 0x08001d15   Thumb Code   114  iso15765_4.o(.text)
    ycgqwz                                   0x08001d87   Thumb Code   194  iso15765_4.o(.text)
    obdqq                                    0x08001e49   Thumb Code   540  iso15765_4.o(.text)
    ycgq1                                    0x08002065   Thumb Code   202  iso15765_4.o(.text)
    ptozt                                    0x0800212f   Thumb Code    56  iso15765_4.o(.text)
    rllx                                     0x08002167   Thumb Code   334  iso15765_4.o(.text)
    ISO14230_4Setting                        0x0800233d   Thumb Code  1252  iso14230_4.o(.text)
    SetISO14230CmdTabRam                     0x08002821   Thumb Code   362  iso14230_4.o(.text)
    ISO9141_2Setting                         0x08002999   Thumb Code  1218  iso9141_2.o(.text)
    SetISO9141CmdTabRam                      0x08002e5b   Thumb Code   362  iso9141_2.o(.text)
    delay_init                               0x08002fd1   Thumb Code    44  delay.o(.text)
    delay_ms                                 0x08002ffd   Thumb Code    54  delay.o(.text)
    delay_us                                 0x08003033   Thumb Code    54  delay.o(.text)
    delay_s                                  0x08003069   Thumb Code    26  delay.o(.text)
    _sys_exit                                0x0800308d   Thumb Code     6  bsp.o(.text)
    fputc                                    0x08003093   Thumb Code    20  bsp.o(.text)
    TIM2_Config                              0x080030a7   Thumb Code    84  bsp.o(.text)
    LED_Config                               0x080030fb   Thumb Code   102  bsp.o(.text)
    NVIC_Config                              0x08003161   Thumb Code   130  bsp.o(.text)
    PC_USART_Config                          0x080031e3   Thumb Code   152  bsp.o(.text)
    Bsp_Init                                 0x0800327b   Thumb Code    28  bsp.o(.text)
    LED_ONOFF                                0x08003297   Thumb Code   202  bsp.o(.text)
    CAN_GPIOConfig                           0x08003361   Thumb Code    86  bsp.o(.text)
    CAN_Config                               0x080033b7   Thumb Code    80  bsp.o(.text)
    CAN1_Config32BitFilter                   0x08003407   Thumb Code   192  bsp.o(.text)
    CAN1_Config16BitFilter                   0x080034c7   Thumb Code    96  bsp.o(.text)
    KL_LINE_Config                           0x08003527   Thumb Code   162  bsp.o(.text)
    KL_LINE_Enable                           0x080035c9   Thumb Code   160  bsp.o(.text)
    Send_KWP2000Frame                        0x08003669   Thumb Code   160  bsp.o(.text)
    Send_ISO9141Frame                        0x08003709   Thumb Code   100  bsp.o(.text)
    ClearRAM                                 0x0800376d   Thumb Code    18  bsp.o(.text)
    USART_DeInit                             0x08003799   Thumb Code   134  stm32f10x_usart.o(.text)
    USART_Init                               0x0800381f   Thumb Code   210  stm32f10x_usart.o(.text)
    USART_StructInit                         0x080038f1   Thumb Code    24  stm32f10x_usart.o(.text)
    USART_ClockInit                          0x08003909   Thumb Code    34  stm32f10x_usart.o(.text)
    USART_ClockStructInit                    0x0800392b   Thumb Code    12  stm32f10x_usart.o(.text)
    USART_Cmd                                0x08003937   Thumb Code    24  stm32f10x_usart.o(.text)
    USART_ITConfig                           0x0800394f   Thumb Code    74  stm32f10x_usart.o(.text)
    USART_DMACmd                             0x08003999   Thumb Code    24  stm32f10x_usart.o(.text)
    USART_SetAddress                         0x080039b1   Thumb Code    18  stm32f10x_usart.o(.text)
    USART_WakeUpConfig                       0x080039c3   Thumb Code    18  stm32f10x_usart.o(.text)
    USART_ReceiverWakeUpCmd                  0x080039d5   Thumb Code    24  stm32f10x_usart.o(.text)
    USART_LINBreakDetectLengthConfig         0x080039ed   Thumb Code    18  stm32f10x_usart.o(.text)
    USART_LINCmd                             0x080039ff   Thumb Code    24  stm32f10x_usart.o(.text)
    USART_SendData                           0x08003a17   Thumb Code     8  stm32f10x_usart.o(.text)
    USART_ReceiveData                        0x08003a1f   Thumb Code    10  stm32f10x_usart.o(.text)
    USART_SendBreak                          0x08003a29   Thumb Code    10  stm32f10x_usart.o(.text)
    USART_SetGuardTime                       0x08003a33   Thumb Code    16  stm32f10x_usart.o(.text)
    USART_SetPrescaler                       0x08003a43   Thumb Code    16  stm32f10x_usart.o(.text)
    USART_SmartCardCmd                       0x08003a53   Thumb Code    24  stm32f10x_usart.o(.text)
    USART_SmartCardNACKCmd                   0x08003a6b   Thumb Code    24  stm32f10x_usart.o(.text)
    USART_HalfDuplexCmd                      0x08003a83   Thumb Code    24  stm32f10x_usart.o(.text)
    USART_OverSampling8Cmd                   0x08003a9b   Thumb Code    22  stm32f10x_usart.o(.text)
    USART_OneBitMethodCmd                    0x08003ab1   Thumb Code    24  stm32f10x_usart.o(.text)
    USART_IrDAConfig                         0x08003ac9   Thumb Code    18  stm32f10x_usart.o(.text)
    USART_IrDACmd                            0x08003adb   Thumb Code    24  stm32f10x_usart.o(.text)
    USART_GetFlagStatus                      0x08003af3   Thumb Code    26  stm32f10x_usart.o(.text)
    USART_ClearFlag                          0x08003b0d   Thumb Code    18  stm32f10x_usart.o(.text)
    USART_GetITStatus                        0x08003b1f   Thumb Code    84  stm32f10x_usart.o(.text)
    USART_ClearITPendingBit                  0x08003b73   Thumb Code    50  stm32f10x_usart.o(.text)
    NVIC_PriorityGroupConfig                 0x08003ba5   Thumb Code    10  misc.o(.text)
    NVIC_Init                                0x08003baf   Thumb Code   118  misc.o(.text)
    NVIC_SetVectorTable                      0x08003c25   Thumb Code    12  misc.o(.text)
    NVIC_SystemLPConfig                      0x08003c31   Thumb Code    38  misc.o(.text)
    SysTick_CLKSourceConfig                  0x08003c57   Thumb Code    40  misc.o(.text)
    CAN_DeInit                               0x08003c9d   Thumb Code    50  stm32f10x_can.o(.text)
    CAN_Init                                 0x08003ccf   Thumb Code   284  stm32f10x_can.o(.text)
    CAN_FilterInit                           0x08003deb   Thumb Code   250  stm32f10x_can.o(.text)
    CAN_StructInit                           0x08003ee5   Thumb Code    32  stm32f10x_can.o(.text)
    CAN_SlaveStartBank                       0x08003f05   Thumb Code    62  stm32f10x_can.o(.text)
    CAN_DBGFreeze                            0x08003f43   Thumb Code    22  stm32f10x_can.o(.text)
    CAN_TTComModeCmd                         0x08003f59   Thumb Code   118  stm32f10x_can.o(.text)
    CAN_Transmit                             0x08003fcf   Thumb Code   332  stm32f10x_can.o(.text)
    CAN_TransmitStatus                       0x0800411b   Thumb Code   138  stm32f10x_can.o(.text)
    CAN_CancelTransmit                       0x080041a5   Thumb Code    48  stm32f10x_can.o(.text)
    CAN_Receive                              0x080041d5   Thumb Code   240  stm32f10x_can.o(.text)
    CAN_FIFORelease                          0x080042c5   Thumb Code    22  stm32f10x_can.o(.text)
    CAN_MessagePending                       0x080042db   Thumb Code    30  stm32f10x_can.o(.text)
    CAN_OperatingModeRequest                 0x080042f9   Thumb Code   162  stm32f10x_can.o(.text)
    CAN_Sleep                                0x0800439b   Thumb Code    30  stm32f10x_can.o(.text)
    CAN_WakeUp                               0x080043b9   Thumb Code    48  stm32f10x_can.o(.text)
    CAN_GetLastErrorCode                     0x080043e9   Thumb Code    12  stm32f10x_can.o(.text)
    CAN_GetReceiveErrorCounter               0x080043f5   Thumb Code    10  stm32f10x_can.o(.text)
    CAN_GetLSBTransmitErrorCounter           0x080043ff   Thumb Code    12  stm32f10x_can.o(.text)
    CAN_ITConfig                             0x0800440b   Thumb Code    18  stm32f10x_can.o(.text)
    CAN_GetFlagStatus                        0x0800441d   Thumb Code   120  stm32f10x_can.o(.text)
    CAN_ClearFlag                            0x08004495   Thumb Code    52  stm32f10x_can.o(.text)
    CAN_GetITStatus                          0x080044d9   Thumb Code   306  stm32f10x_can.o(.text)
    CAN_ClearITPendingBit                    0x0800460b   Thumb Code   162  stm32f10x_can.o(.text)
    GPIO_DeInit                              0x080046b1   Thumb Code   172  stm32f10x_gpio.o(.text)
    GPIO_AFIODeInit                          0x0800475d   Thumb Code    20  stm32f10x_gpio.o(.text)
    GPIO_Init                                0x08004771   Thumb Code   274  stm32f10x_gpio.o(.text)
    GPIO_StructInit                          0x08004883   Thumb Code    16  stm32f10x_gpio.o(.text)
    GPIO_ReadInputDataBit                    0x08004893   Thumb Code    18  stm32f10x_gpio.o(.text)
    GPIO_ReadInputData                       0x080048a5   Thumb Code     8  stm32f10x_gpio.o(.text)
    GPIO_ReadOutputDataBit                   0x080048ad   Thumb Code    18  stm32f10x_gpio.o(.text)
    GPIO_ReadOutputData                      0x080048bf   Thumb Code     8  stm32f10x_gpio.o(.text)
    GPIO_SetBits                             0x080048c7   Thumb Code     4  stm32f10x_gpio.o(.text)
    GPIO_ResetBits                           0x080048cb   Thumb Code     4  stm32f10x_gpio.o(.text)
    GPIO_WriteBit                            0x080048cf   Thumb Code    10  stm32f10x_gpio.o(.text)
    GPIO_Write                               0x080048d9   Thumb Code     4  stm32f10x_gpio.o(.text)
    GPIO_PinLockConfig                       0x080048dd   Thumb Code    18  stm32f10x_gpio.o(.text)
    GPIO_EventOutputConfig                   0x080048ef   Thumb Code    26  stm32f10x_gpio.o(.text)
    GPIO_EventOutputCmd                      0x08004909   Thumb Code     6  stm32f10x_gpio.o(.text)
    GPIO_PinRemapConfig                      0x0800490f   Thumb Code   138  stm32f10x_gpio.o(.text)
    GPIO_EXTILineConfig                      0x08004999   Thumb Code    66  stm32f10x_gpio.o(.text)
    GPIO_ETH_MediaInterfaceConfig            0x080049db   Thumb Code     6  stm32f10x_gpio.o(.text)
    RCC_DeInit                               0x08004a09   Thumb Code    64  stm32f10x_rcc.o(.text)
    RCC_HSEConfig                            0x08004a49   Thumb Code    70  stm32f10x_rcc.o(.text)
    RCC_GetFlagStatus                        0x08004a8f   Thumb Code    56  stm32f10x_rcc.o(.text)
    RCC_WaitForHSEStartUp                    0x08004ac7   Thumb Code    48  stm32f10x_rcc.o(.text)
    RCC_AdjustHSICalibrationValue            0x08004af7   Thumb Code    20  stm32f10x_rcc.o(.text)
    RCC_HSICmd                               0x08004b0b   Thumb Code     6  stm32f10x_rcc.o(.text)
    RCC_PLLConfig                            0x08004b11   Thumb Code    24  stm32f10x_rcc.o(.text)
    RCC_PLLCmd                               0x08004b29   Thumb Code     6  stm32f10x_rcc.o(.text)
    RCC_SYSCLKConfig                         0x08004b2f   Thumb Code    18  stm32f10x_rcc.o(.text)
    RCC_GetSYSCLKSource                      0x08004b41   Thumb Code    10  stm32f10x_rcc.o(.text)
    RCC_HCLKConfig                           0x08004b4b   Thumb Code    18  stm32f10x_rcc.o(.text)
    RCC_PCLK1Config                          0x08004b5d   Thumb Code    18  stm32f10x_rcc.o(.text)
    RCC_PCLK2Config                          0x08004b6f   Thumb Code    20  stm32f10x_rcc.o(.text)
    RCC_ITConfig                             0x08004b83   Thumb Code    30  stm32f10x_rcc.o(.text)
    RCC_USBCLKConfig                         0x08004ba1   Thumb Code     6  stm32f10x_rcc.o(.text)
    RCC_ADCCLKConfig                         0x08004ba7   Thumb Code    18  stm32f10x_rcc.o(.text)
    RCC_LSEConfig                            0x08004bb9   Thumb Code    44  stm32f10x_rcc.o(.text)
    RCC_LSICmd                               0x08004be5   Thumb Code     6  stm32f10x_rcc.o(.text)
    RCC_RTCCLKConfig                         0x08004beb   Thumb Code    12  stm32f10x_rcc.o(.text)
    RCC_RTCCLKCmd                            0x08004bf7   Thumb Code     6  stm32f10x_rcc.o(.text)
    RCC_GetClocksFreq                        0x08004bfd   Thumb Code   192  stm32f10x_rcc.o(.text)
    RCC_AHBPeriphClockCmd                    0x08004cbd   Thumb Code    26  stm32f10x_rcc.o(.text)
    RCC_APB2PeriphClockCmd                   0x08004cd7   Thumb Code    26  stm32f10x_rcc.o(.text)
    RCC_APB1PeriphClockCmd                   0x08004cf1   Thumb Code    26  stm32f10x_rcc.o(.text)
    RCC_APB2PeriphResetCmd                   0x08004d0b   Thumb Code    26  stm32f10x_rcc.o(.text)
    RCC_APB1PeriphResetCmd                   0x08004d25   Thumb Code    26  stm32f10x_rcc.o(.text)
    RCC_BackupResetCmd                       0x08004d3f   Thumb Code     6  stm32f10x_rcc.o(.text)
    RCC_ClockSecuritySystemCmd               0x08004d45   Thumb Code     6  stm32f10x_rcc.o(.text)
    RCC_MCOConfig                            0x08004d4b   Thumb Code     6  stm32f10x_rcc.o(.text)
    RCC_ClearFlag                            0x08004d51   Thumb Code    14  stm32f10x_rcc.o(.text)
    RCC_GetITStatus                          0x08004d5f   Thumb Code    20  stm32f10x_rcc.o(.text)
    RCC_ClearITPendingBit                    0x08004d73   Thumb Code     6  stm32f10x_rcc.o(.text)
    TIM_DeInit                               0x08004dad   Thumb Code   424  stm32f10x_tim.o(.text)
    TIM_TimeBaseInit                         0x08004f55   Thumb Code   122  stm32f10x_tim.o(.text)
    TIM_OC1Init                              0x08004fcf   Thumb Code   132  stm32f10x_tim.o(.text)
    TIM_OC2Init                              0x08005053   Thumb Code   146  stm32f10x_tim.o(.text)
    TIM_OC3Init                              0x080050e5   Thumb Code   142  stm32f10x_tim.o(.text)
    TIM_OC4Init                              0x08005173   Thumb Code   172  stm32f10x_tim.o(.text)
    TIM_SetIC4Prescaler                      0x0800521f   Thumb Code    22  stm32f10x_tim.o(.text)
    TIM_SetIC3Prescaler                      0x080052ab   Thumb Code    18  stm32f10x_tim.o(.text)
    TIM_SetIC2Prescaler                      0x0800532f   Thumb Code    22  stm32f10x_tim.o(.text)
    TIM_SetIC1Prescaler                      0x080053bb   Thumb Code    18  stm32f10x_tim.o(.text)
    TIM_ICInit                               0x08005437   Thumb Code   150  stm32f10x_tim.o(.text)
    TIM_PWMIConfig                           0x080054cd   Thumb Code   124  stm32f10x_tim.o(.text)
    TIM_BDTRConfig                           0x08005549   Thumb Code    32  stm32f10x_tim.o(.text)
    TIM_TimeBaseStructInit                   0x08005569   Thumb Code    18  stm32f10x_tim.o(.text)
    TIM_OCStructInit                         0x0800557b   Thumb Code    20  stm32f10x_tim.o(.text)
    TIM_ICStructInit                         0x0800558f   Thumb Code    18  stm32f10x_tim.o(.text)
    TIM_BDTRStructInit                       0x080055a1   Thumb Code    18  stm32f10x_tim.o(.text)
    TIM_Cmd                                  0x080055b3   Thumb Code    24  stm32f10x_tim.o(.text)
    TIM_CtrlPWMOutputs                       0x080055cb   Thumb Code    52  stm32f10x_tim.o(.text)
    TIM_ITConfig                             0x080055ff   Thumb Code    24  stm32f10x_tim.o(.text)
    TIM_GenerateEvent                        0x08005617   Thumb Code     4  stm32f10x_tim.o(.text)
    TIM_DMAConfig                            0x0800561b   Thumb Code    10  stm32f10x_tim.o(.text)
    TIM_DMACmd                               0x08005625   Thumb Code    24  stm32f10x_tim.o(.text)
    TIM_InternalClockConfig                  0x0800563d   Thumb Code    12  stm32f10x_tim.o(.text)
    TIM_SelectInputTrigger                   0x08005649   Thumb Code    18  stm32f10x_tim.o(.text)
    TIM_ITRxExternalClockConfig              0x0800565b   Thumb Code    24  stm32f10x_tim.o(.text)
    TIM_TIxExternalClockConfig               0x08005673   Thumb Code    62  stm32f10x_tim.o(.text)
    TIM_ETRConfig                            0x080056b1   Thumb Code    24  stm32f10x_tim.o(.text)
    TIM_ETRClockMode1Config                  0x080056c9   Thumb Code    54  stm32f10x_tim.o(.text)
    TIM_ETRClockMode2Config                  0x080056ff   Thumb Code    32  stm32f10x_tim.o(.text)
    TIM_PrescalerConfig                      0x0800571f   Thumb Code     6  stm32f10x_tim.o(.text)
    TIM_CounterModeConfig                    0x08005725   Thumb Code    18  stm32f10x_tim.o(.text)
    TIM_EncoderInterfaceConfig               0x08005737   Thumb Code    62  stm32f10x_tim.o(.text)
    TIM_ForcedOC1Config                      0x08005775   Thumb Code    18  stm32f10x_tim.o(.text)
    TIM_ForcedOC2Config                      0x08005787   Thumb Code    22  stm32f10x_tim.o(.text)
    TIM_ForcedOC3Config                      0x0800579d   Thumb Code    18  stm32f10x_tim.o(.text)
    TIM_ForcedOC4Config                      0x080057af   Thumb Code    22  stm32f10x_tim.o(.text)
    TIM_ARRPreloadConfig                     0x080057c5   Thumb Code    24  stm32f10x_tim.o(.text)
    TIM_SelectCOM                            0x080057dd   Thumb Code    24  stm32f10x_tim.o(.text)
    TIM_SelectCCDMA                          0x080057f5   Thumb Code    24  stm32f10x_tim.o(.text)
    TIM_CCPreloadControl                     0x0800580d   Thumb Code    24  stm32f10x_tim.o(.text)
    TIM_OC1PreloadConfig                     0x08005825   Thumb Code    18  stm32f10x_tim.o(.text)
    TIM_OC2PreloadConfig                     0x08005837   Thumb Code    22  stm32f10x_tim.o(.text)
    TIM_OC3PreloadConfig                     0x0800584d   Thumb Code    18  stm32f10x_tim.o(.text)
    TIM_OC4PreloadConfig                     0x0800585f   Thumb Code    22  stm32f10x_tim.o(.text)
    TIM_OC1FastConfig                        0x08005875   Thumb Code    18  stm32f10x_tim.o(.text)
    TIM_OC2FastConfig                        0x08005887   Thumb Code    22  stm32f10x_tim.o(.text)
    TIM_OC3FastConfig                        0x0800589d   Thumb Code    18  stm32f10x_tim.o(.text)
    TIM_OC4FastConfig                        0x080058af   Thumb Code    22  stm32f10x_tim.o(.text)
    TIM_ClearOC1Ref                          0x080058c5   Thumb Code    18  stm32f10x_tim.o(.text)
    TIM_ClearOC2Ref                          0x080058d7   Thumb Code    20  stm32f10x_tim.o(.text)
    TIM_ClearOC3Ref                          0x080058eb   Thumb Code    18  stm32f10x_tim.o(.text)
    TIM_ClearOC4Ref                          0x080058fd   Thumb Code    20  stm32f10x_tim.o(.text)
    TIM_OC1PolarityConfig                    0x08005911   Thumb Code    18  stm32f10x_tim.o(.text)
    TIM_OC1NPolarityConfig                   0x08005923   Thumb Code    18  stm32f10x_tim.o(.text)
    TIM_OC2PolarityConfig                    0x08005935   Thumb Code    22  stm32f10x_tim.o(.text)
    TIM_OC2NPolarityConfig                   0x0800594b   Thumb Code    22  stm32f10x_tim.o(.text)
    TIM_OC3PolarityConfig                    0x08005961   Thumb Code    22  stm32f10x_tim.o(.text)
    TIM_OC3NPolarityConfig                   0x08005977   Thumb Code    22  stm32f10x_tim.o(.text)
    TIM_OC4PolarityConfig                    0x0800598d   Thumb Code    22  stm32f10x_tim.o(.text)
    TIM_CCxCmd                               0x080059a3   Thumb Code    34  stm32f10x_tim.o(.text)
    TIM_CCxNCmd                              0x080059c5   Thumb Code    34  stm32f10x_tim.o(.text)
    TIM_SelectOCxM                           0x080059e7   Thumb Code    82  stm32f10x_tim.o(.text)
    TIM_UpdateDisableConfig                  0x08005a39   Thumb Code    24  stm32f10x_tim.o(.text)
    TIM_UpdateRequestConfig                  0x08005a51   Thumb Code    24  stm32f10x_tim.o(.text)
    TIM_SelectHallSensor                     0x08005a69   Thumb Code    24  stm32f10x_tim.o(.text)
    TIM_SelectOnePulseMode                   0x08005a81   Thumb Code    18  stm32f10x_tim.o(.text)
    TIM_SelectOutputTrigger                  0x08005a93   Thumb Code    18  stm32f10x_tim.o(.text)
    TIM_SelectSlaveMode                      0x08005aa5   Thumb Code    18  stm32f10x_tim.o(.text)
    TIM_SelectMasterSlaveMode                0x08005ab7   Thumb Code    18  stm32f10x_tim.o(.text)
    TIM_SetCounter                           0x08005ac9   Thumb Code     4  stm32f10x_tim.o(.text)
    TIM_SetAutoreload                        0x08005acd   Thumb Code     4  stm32f10x_tim.o(.text)
    TIM_SetCompare1                          0x08005ad1   Thumb Code     4  stm32f10x_tim.o(.text)
    TIM_SetCompare2                          0x08005ad5   Thumb Code     4  stm32f10x_tim.o(.text)
    TIM_SetCompare3                          0x08005ad9   Thumb Code     4  stm32f10x_tim.o(.text)
    TIM_SetCompare4                          0x08005add   Thumb Code     6  stm32f10x_tim.o(.text)
    TIM_SetClockDivision                     0x08005ae3   Thumb Code    18  stm32f10x_tim.o(.text)
    TIM_GetCapture1                          0x08005af5   Thumb Code     6  stm32f10x_tim.o(.text)
    TIM_GetCapture2                          0x08005afb   Thumb Code     6  stm32f10x_tim.o(.text)
    TIM_GetCapture3                          0x08005b01   Thumb Code     6  stm32f10x_tim.o(.text)
    TIM_GetCapture4                          0x08005b07   Thumb Code     8  stm32f10x_tim.o(.text)
    TIM_GetCounter                           0x08005b0f   Thumb Code     6  stm32f10x_tim.o(.text)
    TIM_GetPrescaler                         0x08005b15   Thumb Code     6  stm32f10x_tim.o(.text)
    TIM_GetFlagStatus                        0x08005b1b   Thumb Code    18  stm32f10x_tim.o(.text)
    TIM_ClearFlag                            0x08005b2d   Thumb Code     6  stm32f10x_tim.o(.text)
    TIM_GetITStatus                          0x08005b33   Thumb Code    34  stm32f10x_tim.o(.text)
    TIM_ClearITPendingBit                    0x08005b55   Thumb Code     6  stm32f10x_tim.o(.text)
    SystemInit                               0x08005c25   Thumb Code    78  system_stm32f10x.o(.text)
    SystemCoreClockUpdate                    0x08005c73   Thumb Code   142  system_stm32f10x.o(.text)
    Reset_Handler                            0x08005d25   Thumb Code     8  startup_stm32f10x_md.o(.text)
    ADC1_2_IRQHandler                        0x08005d3f   Thumb Code     0  startup_stm32f10x_md.o(.text)
    CAN1_RX1_IRQHandler                      0x08005d3f   Thumb Code     0  startup_stm32f10x_md.o(.text)
    CAN1_SCE_IRQHandler                      0x08005d3f   Thumb Code     0  startup_stm32f10x_md.o(.text)
    DMA1_Channel1_IRQHandler                 0x08005d3f   Thumb Code     0  startup_stm32f10x_md.o(.text)
    DMA1_Channel2_IRQHandler                 0x08005d3f   Thumb Code     0  startup_stm32f10x_md.o(.text)
    DMA1_Channel3_IRQHandler                 0x08005d3f   Thumb Code     0  startup_stm32f10x_md.o(.text)
    DMA1_Channel4_IRQHandler                 0x08005d3f   Thumb Code     0  startup_stm32f10x_md.o(.text)
    DMA1_Channel5_IRQHandler                 0x08005d3f   Thumb Code     0  startup_stm32f10x_md.o(.text)
    DMA1_Channel6_IRQHandler                 0x08005d3f   Thumb Code     0  startup_stm32f10x_md.o(.text)
    DMA1_Channel7_IRQHandler                 0x08005d3f   Thumb Code     0  startup_stm32f10x_md.o(.text)
    EXTI0_IRQHandler                         0x08005d3f   Thumb Code     0  startup_stm32f10x_md.o(.text)
    EXTI15_10_IRQHandler                     0x08005d3f   Thumb Code     0  startup_stm32f10x_md.o(.text)
    EXTI1_IRQHandler                         0x08005d3f   Thumb Code     0  startup_stm32f10x_md.o(.text)
    EXTI2_IRQHandler                         0x08005d3f   Thumb Code     0  startup_stm32f10x_md.o(.text)
    EXTI3_IRQHandler                         0x08005d3f   Thumb Code     0  startup_stm32f10x_md.o(.text)
    EXTI4_IRQHandler                         0x08005d3f   Thumb Code     0  startup_stm32f10x_md.o(.text)
    EXTI9_5_IRQHandler                       0x08005d3f   Thumb Code     0  startup_stm32f10x_md.o(.text)
    FLASH_IRQHandler                         0x08005d3f   Thumb Code     0  startup_stm32f10x_md.o(.text)
    I2C1_ER_IRQHandler                       0x08005d3f   Thumb Code     0  startup_stm32f10x_md.o(.text)
    I2C1_EV_IRQHandler                       0x08005d3f   Thumb Code     0  startup_stm32f10x_md.o(.text)
    I2C2_ER_IRQHandler                       0x08005d3f   Thumb Code     0  startup_stm32f10x_md.o(.text)
    I2C2_EV_IRQHandler                       0x08005d3f   Thumb Code     0  startup_stm32f10x_md.o(.text)
    PVD_IRQHandler                           0x08005d3f   Thumb Code     0  startup_stm32f10x_md.o(.text)
    RCC_IRQHandler                           0x08005d3f   Thumb Code     0  startup_stm32f10x_md.o(.text)
    RTCAlarm_IRQHandler                      0x08005d3f   Thumb Code     0  startup_stm32f10x_md.o(.text)
    RTC_IRQHandler                           0x08005d3f   Thumb Code     0  startup_stm32f10x_md.o(.text)
    SPI1_IRQHandler                          0x08005d3f   Thumb Code     0  startup_stm32f10x_md.o(.text)
    SPI2_IRQHandler                          0x08005d3f   Thumb Code     0  startup_stm32f10x_md.o(.text)
    TAMPER_IRQHandler                        0x08005d3f   Thumb Code     0  startup_stm32f10x_md.o(.text)
    TIM1_BRK_IRQHandler                      0x08005d3f   Thumb Code     0  startup_stm32f10x_md.o(.text)
    TIM1_CC_IRQHandler                       0x08005d3f   Thumb Code     0  startup_stm32f10x_md.o(.text)
    TIM1_TRG_COM_IRQHandler                  0x08005d3f   Thumb Code     0  startup_stm32f10x_md.o(.text)
    TIM1_UP_IRQHandler                       0x08005d3f   Thumb Code     0  startup_stm32f10x_md.o(.text)
    TIM3_IRQHandler                          0x08005d3f   Thumb Code     0  startup_stm32f10x_md.o(.text)
    TIM4_IRQHandler                          0x08005d3f   Thumb Code     0  startup_stm32f10x_md.o(.text)
    USART3_IRQHandler                        0x08005d3f   Thumb Code     0  startup_stm32f10x_md.o(.text)
    USBWakeUp_IRQHandler                     0x08005d3f   Thumb Code     0  startup_stm32f10x_md.o(.text)
    USB_HP_CAN1_TX_IRQHandler                0x08005d3f   Thumb Code     0  startup_stm32f10x_md.o(.text)
    WWDG_IRQHandler                          0x08005d3f   Thumb Code     0  startup_stm32f10x_md.o(.text)
    __user_initial_stackheap                 0x08005d41   Thumb Code     0  startup_stm32f10x_md.o(.text)
    __use_no_semihosting                     0x08005d65   Thumb Code     2  use_no_semi_2.o(.text)
    __c89printf                              0x08005d69   Thumb Code    20  c89printf.o(.text)
    __2printf                                0x08005d81   Thumb Code    20  __2printf.o(.text)
    _printf_pre_padding                      0x08005d99   Thumb Code    44  _printf_pad.o(.text)
    _printf_post_padding                     0x08005dc5   Thumb Code    36  _printf_pad.o(.text)
    _printf_truncate_signed                  0x08005de9   Thumb Code    18  _printf_truncate.o(.text)
    _printf_truncate_unsigned                0x08005dfb   Thumb Code    18  _printf_truncate.o(.text)
    _printf_str                              0x08005e0d   Thumb Code    82  _printf_str.o(.text)
    _printf_int_dec                          0x08005e61   Thumb Code    98  _printf_dec.o(.text)
    _printf_wctomb                           0x08005ed5   Thumb Code   182  _printf_wctomb.o(.text)
    _printf_longlong_oct                     0x08005f91   Thumb Code    76  _printf_oct_int_ll.o(.text)
    _printf_int_oct                          0x08005fdd   Thumb Code    24  _printf_oct_int_ll.o(.text)
    _printf_ll_oct                           0x08005ff5   Thumb Code    12  _printf_oct_int_ll.o(.text)
    _printf_longlong_hex                     0x08006009   Thumb Code    92  _printf_hex_int_ll_ptr.o(.text)
    _printf_int_hex                          0x08006065   Thumb Code    28  _printf_hex_int_ll_ptr.o(.text)
    _printf_ll_hex                           0x08006081   Thumb Code    12  _printf_hex_int_ll_ptr.o(.text)
    _printf_hex_ptr                          0x0800608d   Thumb Code    18  _printf_hex_int_ll_ptr.o(.text)
    __printf                                 0x080060a5   Thumb Code   406  __printf_flags_ss_wp.o(.text)
    strlen                                   0x08006241   Thumb Code    62  strlen.o(.text)
    strncmp                                  0x0800627f   Thumb Code   140  strncmp.o(.text)
    __aeabi_memclr4                          0x0800630b   Thumb Code     0  rt_memclr_w.o(.text)
    __aeabi_memclr8                          0x0800630b   Thumb Code     0  rt_memclr_w.o(.text)
    __rt_memclr_w                            0x0800630b   Thumb Code    78  rt_memclr_w.o(.text)
    _memset_w                                0x0800630f   Thumb Code     0  rt_memclr_w.o(.text)
    strncpy                                  0x08006359   Thumb Code    86  strncpy.o(.text)
    __use_two_region_memory                  0x080063af   Thumb Code     2  heapauxi.o(.text)
    __rt_heap_escrow$2region                 0x080063b1   Thumb Code     2  heapauxi.o(.text)
    __rt_heap_expand$2region                 0x080063b3   Thumb Code     2  heapauxi.o(.text)
    __I$use$semihosting                      0x080063b5   Thumb Code     0  use_no_semi.o(.text)
    __use_no_semihosting_swi                 0x080063b5   Thumb Code     2  use_no_semi.o(.text)
    _printf_int_common                       0x080063b7   Thumb Code   180  _printf_intcommon.o(.text)
    _printf_charcount                        0x0800646b   Thumb Code    42  _printf_charcount.o(.text)
    __lib_sel_fp_printf                      0x08006495   Thumb Code     2  _printf_fp_dec.o(.text)
    _printf_fp_dec_real                      0x0800663b   Thumb Code   616  _printf_fp_dec.o(.text)
    _printf_fp_hex_real                      0x080068a5   Thumb Code   748  _printf_fp_hex.o(.text)
    _printf_cs_common                        0x08006b99   Thumb Code    20  _printf_char.o(.text)
    _printf_char                             0x08006bad   Thumb Code    16  _printf_char.o(.text)
    _printf_string                           0x08006bbd   Thumb Code     8  _printf_char.o(.text)
    _printf_char_file                        0x08006bc5   Thumb Code    32  _printf_char_file.o(.text)
    _printf_lcs_common                       0x08006be9   Thumb Code    20  _printf_wchar.o(.text)
    _printf_wchar                            0x08006bfd   Thumb Code    16  _printf_wchar.o(.text)
    _printf_wstring                          0x08006c0d   Thumb Code     8  _printf_wchar.o(.text)
    _printf_longlong_dec                     0x08006c15   Thumb Code   104  _printf_longlong_dec.o(.text)
    _wcrtomb                                 0x08006c8d   Thumb Code    64  _wcrtomb.o(.text)
    __aeabi_memclr                           0x08006ccd   Thumb Code     0  rt_memclr.o(.text)
    __rt_memclr                              0x08006ccd   Thumb Code    68  rt_memclr.o(.text)
    _memset                                  0x08006cd1   Thumb Code     0  rt_memclr.o(.text)
    __rt_udiv10                              0x08006d11   Thumb Code    16  rtudiv10.o(.text)
    __rt_ctype_table                         0x08006d21   Thumb Code    16  rt_ctype_table.o(.text)
    __rt_locale                              0x08006d31   Thumb Code    12  rt_locale_intlibspace.o(.text)
    _ll_udiv10                               0x08006d3d   Thumb Code   138  lludiv10.o(.text)
    _printf_char_common                      0x08006dd3   Thumb Code    32  _printf_char_common.o(.text)
    _printf_fp_infnan                        0x08006df9   Thumb Code   108  _printf_fp_infnan.o(.text)
    _btod_etento                             0x08006e75   Thumb Code   230  bigflt0.o(.text)
    ferror                                   0x08006f61   Thumb Code     8  ferror.o(.text)
    __user_libspace                          0x08006f69   Thumb Code     8  libspace.o(.text)
    __user_perproc_libspace                  0x08006f69   Thumb Code     0  libspace.o(.text)
    __user_perthread_libspace                0x08006f69   Thumb Code     0  libspace.o(.text)
    __user_setup_stackheap                   0x08006f71   Thumb Code    74  sys_stackheap_outer.o(.text)
    exit                                     0x08006fbb   Thumb Code    12  exit.o(.text)
    strcmp                                   0x08006fc9   Thumb Code   128  strcmpv7m.o(.text)
    __rt_fp_status_addr                      0x08007049   Thumb Code    12  rt_fp_status_addr_intlibspace.o(.text)
    _btod_d2e                                0x08007055   Thumb Code    62  btod.o(CL$$btod_d2e)
    _d2e_denorm_low                          0x08007093   Thumb Code    70  btod.o(CL$$btod_d2e_denorm_low)
    _d2e_norm_op1                            0x080070d9   Thumb Code    96  btod.o(CL$$btod_d2e_norm_op1)
    __btod_div_common                        0x08007139   Thumb Code   696  btod.o(CL$$btod_div_common)
    _e2e                                     0x08007471   Thumb Code   198  btod.o(CL$$btod_e2e)
    _btod_ediv                               0x08007537   Thumb Code    40  btod.o(CL$$btod_ediv)
    _btod_emul                               0x0800755f   Thumb Code    40  btod.o(CL$$btod_emul)
    __btod_mult_common                       0x08007587   Thumb Code   580  btod.o(CL$$btod_mult_common)
    __ARM_fpclassify                         0x080077cb   Thumb Code    40  fpclassify.o(i.__ARM_fpclassify)
    _get_lc_numeric                          0x080077f5   Thumb Code    44  lc_numeric_c.o(locale$$code)
    _get_lc_ctype                            0x08007821   Thumb Code    44  lc_ctype_c.o(locale$$code)
    __aeabi_d2f                              0x0800784d   Thumb Code     0  d2f.o(x$fpl$d2f)
    _d2f                                     0x0800784d   Thumb Code    98  d2f.o(x$fpl$d2f)
    __aeabi_ddiv                             0x080078b1   Thumb Code     0  ddiv.o(x$fpl$ddiv)
    _ddiv                                    0x080078b1   Thumb Code   552  ddiv.o(x$fpl$ddiv)
    __aeabi_dmul                             0x08007b61   Thumb Code     0  dmul.o(x$fpl$dmul)
    _dmul                                    0x08007b61   Thumb Code   332  dmul.o(x$fpl$dmul)
    __fpl_dnaninf                            0x08007cb5   Thumb Code   156  dnaninf.o(x$fpl$dnaninf)
    __fpl_dretinf                            0x08007d51   Thumb Code    12  dretinf.o(x$fpl$dretinf)
    __aeabi_f2d                              0x08007d5d   Thumb Code     0  f2d.o(x$fpl$f2d)
    _f2d                                     0x08007d5d   Thumb Code    86  f2d.o(x$fpl$f2d)
    __aeabi_fadd                             0x08007db5   Thumb Code     0  faddsub_clz.o(x$fpl$fadd)
    _fadd                                    0x08007db5   Thumb Code   196  faddsub_clz.o(x$fpl$fadd)
    __fpl_fcmp_Inf                           0x08007e79   Thumb Code    24  fcmpi.o(x$fpl$fcmpinf)
    __aeabi_fdiv                             0x08007e91   Thumb Code     0  fdiv.o(x$fpl$fdiv)
    _fdiv                                    0x08007e91   Thumb Code   384  fdiv.o(x$fpl$fdiv)
    __aeabi_f2uiz                            0x08008015   Thumb Code     0  ffixu.o(x$fpl$ffixu)
    _ffixu                                   0x08008015   Thumb Code    62  ffixu.o(x$fpl$ffixu)
    __aeabi_i2f                              0x08008055   Thumb Code     0  fflt_clz.o(x$fpl$fflt)
    _fflt                                    0x08008055   Thumb Code    48  fflt_clz.o(x$fpl$fflt)
    __aeabi_ui2f                             0x08008085   Thumb Code     0  fflt_clz.o(x$fpl$ffltu)
    _ffltu                                   0x08008085   Thumb Code    38  fflt_clz.o(x$fpl$ffltu)
    __aeabi_cfcmple                          0x080080ad   Thumb Code     0  fleqf.o(x$fpl$fleqf)
    _fcmple                                  0x080080ad   Thumb Code   104  fleqf.o(x$fpl$fleqf)
    __fpl_fcmple_InfNaN                      0x080080ff   Thumb Code     0  fleqf.o(x$fpl$fleqf)
    __aeabi_fmul                             0x08008115   Thumb Code     0  fmul.o(x$fpl$fmul)
    _fmul                                    0x08008115   Thumb Code   258  fmul.o(x$fpl$fmul)
    __fpl_fnaninf                            0x08008217   Thumb Code   140  fnaninf.o(x$fpl$fnaninf)
    _fp_init                                 0x080082a3   Thumb Code    14  fpinit.o(x$fpl$fpinit)
    __fplib_config_pureend_doubles           0x080082af   Thumb Code     0  fpinit.o(x$fpl$fpinit)
    __fpl_fretinf                            0x080082b1   Thumb Code    10  fretinf.o(x$fpl$fretinf)
    __aeabi_frsub                            0x080082bb   Thumb Code     0  faddsub_clz.o(x$fpl$frsb)
    _frsb                                    0x080082bb   Thumb Code    20  faddsub_clz.o(x$fpl$frsb)
    __aeabi_fsub                             0x080082d1   Thumb Code     0  faddsub_clz.o(x$fpl$fsub)
    _fsub                                    0x080082d1   Thumb Code   234  faddsub_clz.o(x$fpl$fsub)
    _printf_fp_dec                           0x080083bb   Thumb Code     4  printf1.o(x$fpl$printf1)
    _printf_fp_hex                           0x080083bf   Thumb Code     4  printf2.o(x$fpl$printf2)
    __I$use$fp                               0x080083c3   Thumb Code     0  usenofp.o(x$fpl$usenofp)
    DSControl15765                           0x080083c4   Data        4832  iso15765_4.o(.constdata)
    DSControl14230                           0x080096ac   Data        4832  iso14230_4.o(.constdata)
    DSControl9141                            0x0800a990   Data        4832  iso9141_2.o(.constdata)
    LEDControlA                              0x0800bc74   Data          64  ledcommand.o(.constdata)
    STR000                                   0x0800bcb4   Data          50  chinese.o(.constdata)
    STR001                                   0x0800bce6   Data          50  chinese.o(.constdata)
    STR002                                   0x0800bd18   Data          50  chinese.o(.constdata)
    STR003                                   0x0800bd4a   Data          50  chinese.o(.constdata)
    STR004                                   0x0800bd7c   Data          50  chinese.o(.constdata)
    STR005                                   0x0800bdae   Data          50  chinese.o(.constdata)
    STR006                                   0x0800bde0   Data          50  chinese.o(.constdata)
    STR007                                   0x0800be12   Data          50  chinese.o(.constdata)
    STR008                                   0x0800be44   Data          50  chinese.o(.constdata)
    STR009                                   0x0800be76   Data          50  chinese.o(.constdata)
    STR010                                   0x0800bea8   Data          50  chinese.o(.constdata)
    STR011                                   0x0800beda   Data          50  chinese.o(.constdata)
    STR012                                   0x0800bf0c   Data          50  chinese.o(.constdata)
    STR013                                   0x0800bf3e   Data          50  chinese.o(.constdata)
    STR014                                   0x0800bf70   Data          50  chinese.o(.constdata)
    STR015                                   0x0800bfa2   Data          50  chinese.o(.constdata)
    STR016                                   0x0800bfd4   Data          50  chinese.o(.constdata)
    STR017                                   0x0800c006   Data          50  chinese.o(.constdata)
    STR018                                   0x0800c038   Data          50  chinese.o(.constdata)
    STR019                                   0x0800c06a   Data          50  chinese.o(.constdata)
    STR020                                   0x0800c09c   Data          50  chinese.o(.constdata)
    STR021                                   0x0800c0ce   Data          70  chinese.o(.constdata)
    STR022                                   0x0800c114   Data          50  chinese.o(.constdata)
    STR023                                   0x0800c146   Data          50  chinese.o(.constdata)
    STR024                                   0x0800c178   Data          50  chinese.o(.constdata)
    STR025                                   0x0800c1aa   Data          50  chinese.o(.constdata)
    STR026                                   0x0800c1dc   Data          50  chinese.o(.constdata)
    STR027                                   0x0800c20e   Data          80  chinese.o(.constdata)
    STR028                                   0x0800c25e   Data          50  chinese.o(.constdata)
    STR029                                   0x0800c290   Data          50  chinese.o(.constdata)
    STR030                                   0x0800c2c2   Data          50  chinese.o(.constdata)
    STR031                                   0x0800c2f4   Data          50  chinese.o(.constdata)
    STR032                                   0x0800c326   Data          50  chinese.o(.constdata)
    STR033                                   0x0800c358   Data          50  chinese.o(.constdata)
    STR034                                   0x0800c38a   Data          50  chinese.o(.constdata)
    STR035                                   0x0800c3bc   Data          50  chinese.o(.constdata)
    STR036                                   0x0800c3ee   Data          50  chinese.o(.constdata)
    STR037                                   0x0800c420   Data          50  chinese.o(.constdata)
    STR038                                   0x0800c452   Data          71  chinese.o(.constdata)
    STR039                                   0x0800c499   Data          50  chinese.o(.constdata)
    STR040                                   0x0800c4cb   Data          50  chinese.o(.constdata)
    STR041                                   0x0800c4fd   Data          50  chinese.o(.constdata)
    STR042                                   0x0800c52f   Data          50  chinese.o(.constdata)
    STR043                                   0x0800c561   Data          50  chinese.o(.constdata)
    STR044                                   0x0800c593   Data          90  chinese.o(.constdata)
    STR045                                   0x0800c5ed   Data          50  chinese.o(.constdata)
    STR046                                   0x0800c61f   Data          50  chinese.o(.constdata)
    STR047                                   0x0800c651   Data          50  chinese.o(.constdata)
    STR048                                   0x0800c683   Data          50  chinese.o(.constdata)
    STR049                                   0x0800c6b5   Data          50  chinese.o(.constdata)
    STR050                                   0x0800c6e7   Data          50  chinese.o(.constdata)
    STR051                                   0x0800c719   Data          50  chinese.o(.constdata)
    STR052                                   0x0800c74b   Data          50  chinese.o(.constdata)
    STR053                                   0x0800c77d   Data          50  chinese.o(.constdata)
    STR054                                   0x0800c7af   Data          50  chinese.o(.constdata)
    STR055                                   0x0800c7e1   Data          50  chinese.o(.constdata)
    STR056                                   0x0800c813   Data          50  chinese.o(.constdata)
    STR057                                   0x0800c845   Data          50  chinese.o(.constdata)
    STR058                                   0x0800c877   Data          50  chinese.o(.constdata)
    STR059                                   0x0800c8a9   Data          50  chinese.o(.constdata)
    STR060                                   0x0800c8db   Data          50  chinese.o(.constdata)
    STR061                                   0x0800c90d   Data          50  chinese.o(.constdata)
    STR062                                   0x0800c93f   Data          50  chinese.o(.constdata)
    STR063                                   0x0800c971   Data          50  chinese.o(.constdata)
    STR064                                   0x0800c9a3   Data          50  chinese.o(.constdata)
    STR065                                   0x0800c9d5   Data          50  chinese.o(.constdata)
    STR066                                   0x0800ca07   Data          50  chinese.o(.constdata)
    STR067                                   0x0800ca39   Data          50  chinese.o(.constdata)
    STR068                                   0x0800ca6b   Data          50  chinese.o(.constdata)
    STR069                                   0x0800ca9d   Data          50  chinese.o(.constdata)
    STR070                                   0x0800cacf   Data          50  chinese.o(.constdata)
    STR071                                   0x0800cb01   Data          50  chinese.o(.constdata)
    STR072                                   0x0800cb33   Data          50  chinese.o(.constdata)
    STR073                                   0x0800cb65   Data          50  chinese.o(.constdata)
    STR074                                   0x0800cb97   Data          50  chinese.o(.constdata)
    STR075                                   0x0800cbc9   Data          50  chinese.o(.constdata)
    STR076                                   0x0800cbfb   Data          50  chinese.o(.constdata)
    STR077                                   0x0800cc2d   Data          50  chinese.o(.constdata)
    STR078                                   0x0800cc5f   Data          50  chinese.o(.constdata)
    STR079                                   0x0800cc91   Data          50  chinese.o(.constdata)
    STR080                                   0x0800ccc3   Data          50  chinese.o(.constdata)
    STR081                                   0x0800ccf5   Data          50  chinese.o(.constdata)
    STR082                                   0x0800cd27   Data          50  chinese.o(.constdata)
    STR083                                   0x0800cd59   Data          50  chinese.o(.constdata)
    STR084                                   0x0800cd8b   Data          50  chinese.o(.constdata)
    STR085                                   0x0800cdbd   Data          50  chinese.o(.constdata)
    STR086                                   0x0800cdef   Data          50  chinese.o(.constdata)
    STR087                                   0x0800ce21   Data          50  chinese.o(.constdata)
    STR088                                   0x0800ce53   Data          50  chinese.o(.constdata)
    STR089                                   0x0800ce85   Data          50  chinese.o(.constdata)
    STR090                                   0x0800ceb7   Data          50  chinese.o(.constdata)
    STR091                                   0x0800cee9   Data          50  chinese.o(.constdata)
    STR092                                   0x0800cf1b   Data          50  chinese.o(.constdata)
    STR093                                   0x0800cf4d   Data          50  chinese.o(.constdata)
    STR094                                   0x0800cf7f   Data          50  chinese.o(.constdata)
    STR095                                   0x0800cfb1   Data          50  chinese.o(.constdata)
    STR096                                   0x0800cfe3   Data          50  chinese.o(.constdata)
    STR097                                   0x0800d015   Data          50  chinese.o(.constdata)
    STR098                                   0x0800d047   Data          50  chinese.o(.constdata)
    STR099                                   0x0800d079   Data          50  chinese.o(.constdata)
    STR100                                   0x0800d0ab   Data          50  chinese.o(.constdata)
    STR101                                   0x0800d0dd   Data          50  chinese.o(.constdata)
    STR102                                   0x0800d10f   Data          50  chinese.o(.constdata)
    STR103                                   0x0800d141   Data          50  chinese.o(.constdata)
    STR104                                   0x0800d173   Data          50  chinese.o(.constdata)
    STR105                                   0x0800d1a5   Data          50  chinese.o(.constdata)
    STR106                                   0x0800d1d7   Data          50  chinese.o(.constdata)
    STR107                                   0x0800d209   Data          50  chinese.o(.constdata)
    STR108                                   0x0800d23b   Data          50  chinese.o(.constdata)
    STR109                                   0x0800d26d   Data          50  chinese.o(.constdata)
    STR110                                   0x0800d29f   Data          50  chinese.o(.constdata)
    STR111                                   0x0800d2d1   Data          50  chinese.o(.constdata)
    STR112                                   0x0800d303   Data          50  chinese.o(.constdata)
    STR113                                   0x0800d335   Data          50  chinese.o(.constdata)
    STR114                                   0x0800d367   Data          50  chinese.o(.constdata)
    STR115                                   0x0800d399   Data          50  chinese.o(.constdata)
    STR116                                   0x0800d3cb   Data          50  chinese.o(.constdata)
    STR117                                   0x0800d3fd   Data          50  chinese.o(.constdata)
    STR118                                   0x0800d42f   Data          50  chinese.o(.constdata)
    STR119                                   0x0800d461   Data          50  chinese.o(.constdata)
    STR120                                   0x0800d493   Data          50  chinese.o(.constdata)
    STR121                                   0x0800d4c5   Data          50  chinese.o(.constdata)
    STR122                                   0x0800d4f7   Data          50  chinese.o(.constdata)
    STR123                                   0x0800d529   Data          50  chinese.o(.constdata)
    STR124                                   0x0800d55b   Data          50  chinese.o(.constdata)
    STR125                                   0x0800d58d   Data          50  chinese.o(.constdata)
    STR126                                   0x0800d5bf   Data          50  chinese.o(.constdata)
    STR127                                   0x0800d5f1   Data          50  chinese.o(.constdata)
    STR128                                   0x0800d623   Data          50  chinese.o(.constdata)
    STR129                                   0x0800d655   Data          50  chinese.o(.constdata)
    STR130                                   0x0800d687   Data          50  chinese.o(.constdata)
    STR131                                   0x0800d6b9   Data          50  chinese.o(.constdata)
    STR132                                   0x0800d6eb   Data          50  chinese.o(.constdata)
    STR133                                   0x0800d71d   Data          50  chinese.o(.constdata)
    STR134                                   0x0800d74f   Data          50  chinese.o(.constdata)
    STR135                                   0x0800d781   Data          50  chinese.o(.constdata)
    STR136                                   0x0800d7b3   Data          50  chinese.o(.constdata)
    STR137                                   0x0800d7e5   Data          50  chinese.o(.constdata)
    STR138                                   0x0800d817   Data          50  chinese.o(.constdata)
    STR139                                   0x0800d849   Data          50  chinese.o(.constdata)
    STR140                                   0x0800d87b   Data          50  chinese.o(.constdata)
    STR141                                   0x0800d8ad   Data          50  chinese.o(.constdata)
    STR142                                   0x0800d8df   Data          50  chinese.o(.constdata)
    STR143                                   0x0800d911   Data          50  chinese.o(.constdata)
    STR144                                   0x0800d943   Data          50  chinese.o(.constdata)
    STR145                                   0x0800d975   Data          50  chinese.o(.constdata)
    STR146                                   0x0800d9a7   Data          50  chinese.o(.constdata)
    STR147                                   0x0800d9d9   Data          50  chinese.o(.constdata)
    STR148                                   0x0800da0b   Data          50  chinese.o(.constdata)
    STR149                                   0x0800da3d   Data          50  chinese.o(.constdata)
    STR150                                   0x0800da6f   Data          50  chinese.o(.constdata)
    STR151                                   0x0800daa1   Data          50  chinese.o(.constdata)
    STR152                                   0x0800dad3   Data          50  chinese.o(.constdata)
    STR153                                   0x0800db05   Data          50  chinese.o(.constdata)
    STR154                                   0x0800db37   Data          50  chinese.o(.constdata)
    STR155                                   0x0800db69   Data          50  chinese.o(.constdata)
    STR156                                   0x0800db9b   Data          50  chinese.o(.constdata)
    STR157                                   0x0800dbcd   Data          50  chinese.o(.constdata)
    STR158                                   0x0800dbff   Data          50  chinese.o(.constdata)
    STR159                                   0x0800dc31   Data          50  chinese.o(.constdata)
    STR160                                   0x0800dc63   Data          50  chinese.o(.constdata)
    STR161                                   0x0800dc95   Data          80  chinese.o(.constdata)
    STR162                                   0x0800dce5   Data          50  chinese.o(.constdata)
    STR163                                   0x0800dd17   Data          50  chinese.o(.constdata)
    STR164                                   0x0800dd49   Data          50  chinese.o(.constdata)
    STR165                                   0x0800dd7b   Data          50  chinese.o(.constdata)
    STR166                                   0x0800ddad   Data          50  chinese.o(.constdata)
    STR167                                   0x0800dddf   Data          50  chinese.o(.constdata)
    STR168                                   0x0800de11   Data          50  chinese.o(.constdata)
    Region$$Table$$Base                      0x0800e4a0   Number         0  anon$$obj.o(Region$$Table)
    Region$$Table$$Limit                     0x0800e4c0   Number         0  anon$$obj.o(Region$$Table)
    __ctype                                  0x0800e4e9   Data           0  lc_ctype_c.o(locale$$data)
    ATLEN                                    0x20000000   Data           1  stm32f10x_it.o(.data)
    CotrolVale                               0x20000001   Data           1  stm32f10x_it.o(.data)
    TIM2Count                                0x20000002   Data           1  stm32f10x_it.o(.data)
    DSOLDNUM                                 0x20000004   Data           1  iso15765_4.o(.data)
    Count                                    0x20000008   Data           4  iso15765_4.o(.data)
    DSRAM                                    0x2000000c   Data           2  iso15765_4.o(.data)
    __stdout                                 0x20000014   Data           4  bsp.o(.data)
    LEDCycleNum                              0x20000018   Data           1  bsp.o(.data)
    LEDControlSP                             0x2000001c   Data           4  bsp.o(.data)
    TransmitMailbox                          0x20000020   Data           1  bsp.o(.data)
    SystemCoreClock                          0x20000038   Data           4  system_stm32f10x.o(.data)
    AHBPrescTable                            0x2000003c   Data          16  system_stm32f10x.o(.data)
    CANCPTab1                                0x2000004c   Data        7228  tab.o(.data)
    KWP2000CPTAB                             0x20001c88   Data        5404  tab.o(.data)
    ISO9141CPTAB                             0x200031a4   Data        5404  tab.o(.data)
    ATCmd                                    0x200046c0   Data         100  stm32f10x_it.o(.bss)
    IRQVar                                   0x20004724   Data          24  stm32f10x_it.o(.bss)
    VINRAM                                   0x2000473c   Data          17  iso15765_4.o(.bss)
    DTCRAM                                   0x2000474d   Data          21  iso15765_4.o(.bss)
    RxRAM                                    0x20004762   Data         100  bsp.o(.bss)
    __libspace_start                         0x200047c8   Data          96  libspace.o(.bss)
    __temporary_stack_top$libspace           0x20004828   Data           0  libspace.o(.bss)



==============================================================================

Memory Map of the image

  Image Entry point : 0x080000ed

  Load Region LR_IROM1 (Base: 0x08000000, Size: 0x00012cac, Max: 0x00010000, ABSOLUTE, COMPRESSED[0x0000f3c0])

    Execution Region ER_IROM1 (Base: 0x08000000, Size: 0x0000e5ec, Max: 0x00010000, ABSOLUTE)

    Base Addr    Size         Type   Attr      Idx    E Section Name        Object

    0x08000000   0x000000ec   Data   RO          478    RESET               startup_stm32f10x_md.o
    0x080000ec   0x00000008   Code   RO          601  * !!!main             c_w.l(__main.o)(c_w.l)
    0x080000f4   0x00000034   Code   RO          907    !!!scatter          c_w.l(__scatter.o)(c_w.l)
    0x08000128   0x0000005a   Code   RO          905    !!dczerorl2         c_w.l(__dczerorl2.o)(c_w.l)
    0x08000182   0x00000002   PAD
    0x08000184   0x0000001c   Code   RO          909    !!handler_zi        c_w.l(__scatter_zi.o)(c_w.l)
    0x080001a0   0x00000000   Code   RO          589    .ARM.Collect$$_printf_percent$$00000000  c_w.l(_printf_percent.o)(c_w.l)
    0x080001a0   0x00000006   Code   RO          667    .ARM.Collect$$_printf_percent$$00000001  c_w.l(_printf_n.o)(c_w.l)
    0x080001a6   0x00000006   Code   RO          668    .ARM.Collect$$_printf_percent$$00000002  c_w.l(_printf_p.o)(c_w.l)
    0x080001ac   0x00000006   Code   RO          585    .ARM.Collect$$_printf_percent$$00000003  c_w.l(_printf_f.o)(c_w.l)
    0x080001b2   0x00000006   Code   RO          586    .ARM.Collect$$_printf_percent$$00000004  c_w.l(_printf_e.o)(c_w.l)
    0x080001b8   0x00000006   Code   RO          587    .ARM.Collect$$_printf_percent$$00000005  c_w.l(_printf_g.o)(c_w.l)
    0x080001be   0x00000006   Code   RO          588    .ARM.Collect$$_printf_percent$$00000006  c_w.l(_printf_a.o)(c_w.l)
    0x080001c4   0x0000000a   Code   RO          673    .ARM.Collect$$_printf_percent$$00000007  c_w.l(_printf_ll.o)(c_w.l)
    0x080001ce   0x00000006   Code   RO          582    .ARM.Collect$$_printf_percent$$00000008  c_w.l(_printf_i.o)(c_w.l)
    0x080001d4   0x00000006   Code   RO          583    .ARM.Collect$$_printf_percent$$00000009  c_w.l(_printf_d.o)(c_w.l)
    0x080001da   0x00000006   Code   RO          584    .ARM.Collect$$_printf_percent$$0000000A  c_w.l(_printf_u.o)(c_w.l)
    0x080001e0   0x00000006   Code   RO          581    .ARM.Collect$$_printf_percent$$0000000B  c_w.l(_printf_o.o)(c_w.l)
    0x080001e6   0x00000006   Code   RO          580    .ARM.Collect$$_printf_percent$$0000000C  c_w.l(_printf_x.o)(c_w.l)
    0x080001ec   0x00000006   Code   RO          670    .ARM.Collect$$_printf_percent$$0000000D  c_w.l(_printf_lli.o)(c_w.l)
    0x080001f2   0x00000006   Code   RO          671    .ARM.Collect$$_printf_percent$$0000000E  c_w.l(_printf_lld.o)(c_w.l)
    0x080001f8   0x00000006   Code   RO          672    .ARM.Collect$$_printf_percent$$0000000F  c_w.l(_printf_llu.o)(c_w.l)
    0x080001fe   0x00000006   Code   RO          676    .ARM.Collect$$_printf_percent$$00000010  c_w.l(_printf_llo.o)(c_w.l)
    0x08000204   0x00000006   Code   RO          677    .ARM.Collect$$_printf_percent$$00000011  c_w.l(_printf_llx.o)(c_w.l)
    0x0800020a   0x0000000a   Code   RO          674    .ARM.Collect$$_printf_percent$$00000012  c_w.l(_printf_l.o)(c_w.l)
    0x08000214   0x00000006   Code   RO          579    .ARM.Collect$$_printf_percent$$00000013  c_w.l(_printf_c.o)(c_w.l)
    0x0800021a   0x00000006   Code   RO          666    .ARM.Collect$$_printf_percent$$00000014  c_w.l(_printf_s.o)(c_w.l)
    0x08000220   0x00000006   Code   RO          590    .ARM.Collect$$_printf_percent$$00000015  c_w.l(_printf_lc.o)(c_w.l)
    0x08000226   0x00000006   Code   RO          675    .ARM.Collect$$_printf_percent$$00000016  c_w.l(_printf_ls.o)(c_w.l)
    0x0800022c   0x00000004   Code   RO          669    .ARM.Collect$$_printf_percent$$00000017  c_w.l(_printf_percent_end.o)(c_w.l)
    0x08000230   0x00000006   Code   RO          782    .ARM.Collect$$libinit$$00000000  c_w.l(libinit.o)(c_w.l)
    0x08000236   0x00000000   Code   RO          785    .ARM.Collect$$libinit$$00000006  c_w.l(libinit2.o)(c_w.l)
    0x08000236   0x00000000   Code   RO          787    .ARM.Collect$$libinit$$00000008  c_w.l(libinit2.o)(c_w.l)
    0x08000236   0x00000000   Code   RO          789    .ARM.Collect$$libinit$$0000000A  c_w.l(libinit2.o)(c_w.l)
    0x08000236   0x00000006   Code   RO          790    .ARM.Collect$$libinit$$0000000B  c_w.l(libinit2.o)(c_w.l)
    0x0800023c   0x00000000   Code   RO          792    .ARM.Collect$$libinit$$0000000D  c_w.l(libinit2.o)(c_w.l)
    0x0800023c   0x0000000c   Code   RO          793    .ARM.Collect$$libinit$$0000000E  c_w.l(libinit2.o)(c_w.l)
    0x08000248   0x00000000   Code   RO          794    .ARM.Collect$$libinit$$0000000F  c_w.l(libinit2.o)(c_w.l)
    0x08000248   0x00000000   Code   RO          796    .ARM.Collect$$libinit$$00000011  c_w.l(libinit2.o)(c_w.l)
    0x08000248   0x0000000a   Code   RO          797    .ARM.Collect$$libinit$$00000012  c_w.l(libinit2.o)(c_w.l)
    0x08000252   0x00000000   Code   RO          798    .ARM.Collect$$libinit$$00000013  c_w.l(libinit2.o)(c_w.l)
    0x08000252   0x00000000   Code   RO          800    .ARM.Collect$$libinit$$00000015  c_w.l(libinit2.o)(c_w.l)
    0x08000252   0x00000000   Code   RO          802    .ARM.Collect$$libinit$$00000017  c_w.l(libinit2.o)(c_w.l)
    0x08000252   0x00000000   Code   RO          804    .ARM.Collect$$libinit$$00000019  c_w.l(libinit2.o)(c_w.l)
    0x08000252   0x00000000   Code   RO          806    .ARM.Collect$$libinit$$0000001B  c_w.l(libinit2.o)(c_w.l)
    0x08000252   0x00000000   Code   RO          808    .ARM.Collect$$libinit$$0000001D  c_w.l(libinit2.o)(c_w.l)
    0x08000252   0x00000000   Code   RO          810    .ARM.Collect$$libinit$$0000001F  c_w.l(libinit2.o)(c_w.l)
    0x08000252   0x00000000   Code   RO          812    .ARM.Collect$$libinit$$00000021  c_w.l(libinit2.o)(c_w.l)
    0x08000252   0x00000000   Code   RO          816    .ARM.Collect$$libinit$$00000028  c_w.l(libinit2.o)(c_w.l)
    0x08000252   0x00000000   Code   RO          818    .ARM.Collect$$libinit$$0000002A  c_w.l(libinit2.o)(c_w.l)
    0x08000252   0x00000000   Code   RO          820    .ARM.Collect$$libinit$$0000002C  c_w.l(libinit2.o)(c_w.l)
    0x08000252   0x00000000   Code   RO          822    .ARM.Collect$$libinit$$0000002E  c_w.l(libinit2.o)(c_w.l)
    0x08000252   0x00000002   Code   RO          823    .ARM.Collect$$libinit$$0000002F  c_w.l(libinit2.o)(c_w.l)
    0x08000254   0x00000002   Code   RO          857    .ARM.Collect$$libshutdown$$00000000  c_w.l(libshutdown.o)(c_w.l)
    0x08000256   0x00000000   Code   RO          866    .ARM.Collect$$libshutdown$$00000003  c_w.l(libshutdown2.o)(c_w.l)
    0x08000256   0x00000000   Code   RO          869    .ARM.Collect$$libshutdown$$00000006  c_w.l(libshutdown2.o)(c_w.l)
    0x08000256   0x00000000   Code   RO          872    .ARM.Collect$$libshutdown$$00000009  c_w.l(libshutdown2.o)(c_w.l)
    0x08000256   0x00000000   Code   RO          874    .ARM.Collect$$libshutdown$$0000000B  c_w.l(libshutdown2.o)(c_w.l)
    0x08000256   0x00000000   Code   RO          877    .ARM.Collect$$libshutdown$$0000000E  c_w.l(libshutdown2.o)(c_w.l)
    0x08000256   0x00000002   Code   RO          878    .ARM.Collect$$libshutdown$$0000000F  c_w.l(libshutdown2.o)(c_w.l)
    0x08000258   0x00000000   Code   RO          647    .ARM.Collect$$rtentry$$00000000  c_w.l(rtentry.o)(c_w.l)
    0x08000258   0x00000000   Code   RO          696    .ARM.Collect$$rtentry$$00000002  c_w.l(rtentry2.o)(c_w.l)
    0x08000258   0x00000006   Code   RO          711    .ARM.Collect$$rtentry$$00000004  c_w.l(rtentry4.o)(c_w.l)
    0x0800025e   0x00000000   Code   RO          698    .ARM.Collect$$rtentry$$00000009  c_w.l(rtentry2.o)(c_w.l)
    0x0800025e   0x00000004   Code   RO          699    .ARM.Collect$$rtentry$$0000000A  c_w.l(rtentry2.o)(c_w.l)
    0x08000262   0x00000000   Code   RO          701    .ARM.Collect$$rtentry$$0000000C  c_w.l(rtentry2.o)(c_w.l)
    0x08000262   0x00000008   Code   RO          702    .ARM.Collect$$rtentry$$0000000D  c_w.l(rtentry2.o)(c_w.l)
    0x0800026a   0x00000002   Code   RO          824    .ARM.Collect$$rtexit$$00000000  c_w.l(rtexit.o)(c_w.l)
    0x0800026c   0x00000000   Code   RO          831    .ARM.Collect$$rtexit$$00000002  c_w.l(rtexit2.o)(c_w.l)
    0x0800026c   0x00000004   Code   RO          832    .ARM.Collect$$rtexit$$00000003  c_w.l(rtexit2.o)(c_w.l)
    0x08000270   0x00000006   Code   RO          833    .ARM.Collect$$rtexit$$00000004  c_w.l(rtexit2.o)(c_w.l)
    0x08000276   0x00000002   PAD
    0x08000278   0x0000050c   Code   RO            1    .text               stm32f10x_it.o
    0x08000784   0x000000a8   Code   RO           96    .text               main.o
    0x0800082c   0x00001b10   Code   RO          176    .text               iso15765_4.o
    0x0800233c   0x0000065c   Code   RO          261    .text               iso14230_4.o
    0x08002998   0x00000638   Code   RO          281    .text               iso9141_2.o
    0x08002fd0   0x000000bc   Code   RO          297    .text               delay.o
    0x0800308c   0x0000070c   Code   RO          311    .text               bsp.o
    0x08003798   0x0000040c   Code   RO          358    .text               stm32f10x_usart.o
    0x08003ba4   0x000000f8   Code   RO          370    .text               misc.o
    0x08003c9c   0x00000a14   Code   RO          382    .text               stm32f10x_can.o
    0x080046b0   0x00000358   Code   RO          394    .text               stm32f10x_gpio.o
    0x08004a08   0x000003a4   Code   RO          421    .text               stm32f10x_rcc.o
    0x08004dac   0x00000dae   Code   RO          435    .text               stm32f10x_tim.o
    0x08005b5a   0x00000002   PAD
    0x08005b5c   0x000001c8   Code   RO          458    .text               system_stm32f10x.o
    0x08005d24   0x00000040   Code   RO          479    .text               startup_stm32f10x_md.o
    0x08005d64   0x00000002   Code   RO          513    .text               c_w.l(use_no_semi_2.o)(c_w.l)
    0x08005d66   0x00000002   PAD
    0x08005d68   0x00000018   Code   RO          515    .text               c_w.l(c89printf.o)(c_w.l)
    0x08005d80   0x00000018   Code   RO          517    .text               c_w.l(__2printf.o)(c_w.l)
    0x08005d98   0x00000050   Code   RO          523    .text               c_w.l(_printf_pad.o)(c_w.l)
    0x08005de8   0x00000024   Code   RO          525    .text               c_w.l(_printf_truncate.o)(c_w.l)
    0x08005e0c   0x00000052   Code   RO          527    .text               c_w.l(_printf_str.o)(c_w.l)
    0x08005e5e   0x00000002   PAD
    0x08005e60   0x00000074   Code   RO          529    .text               c_w.l(_printf_dec.o)(c_w.l)
    0x08005ed4   0x000000bc   Code   RO          531    .text               c_w.l(_printf_wctomb.o)(c_w.l)
    0x08005f90   0x00000078   Code   RO          538    .text               c_w.l(_printf_oct_int_ll.o)(c_w.l)
    0x08006008   0x0000009c   Code   RO          558    .text               c_w.l(_printf_hex_int_ll_ptr.o)(c_w.l)
    0x080060a4   0x0000019c   Code   RO          576    .text               c_w.l(__printf_flags_ss_wp.o)(c_w.l)
    0x08006240   0x0000003e   Code   RO          591    .text               c_w.l(strlen.o)(c_w.l)
    0x0800627e   0x0000008c   Code   RO          593    .text               c_w.l(strncmp.o)(c_w.l)
    0x0800630a   0x0000004e   Code   RO          595    .text               c_w.l(rt_memclr_w.o)(c_w.l)
    0x08006358   0x00000056   Code   RO          597    .text               c_w.l(strncpy.o)(c_w.l)
    0x080063ae   0x00000006   Code   RO          599    .text               c_w.l(heapauxi.o)(c_w.l)
    0x080063b4   0x00000002   Code   RO          645    .text               c_w.l(use_no_semi.o)(c_w.l)
    0x080063b6   0x000000b4   Code   RO          649    .text               c_w.l(_printf_intcommon.o)(c_w.l)
    0x0800646a   0x0000002a   Code   RO          651    .text               c_w.l(_printf_charcount.o)(c_w.l)
    0x08006494   0x0000040e   Code   RO          653    .text               c_w.l(_printf_fp_dec.o)(c_w.l)
    0x080068a2   0x00000002   PAD
    0x080068a4   0x000002f4   Code   RO          655    .text               c_w.l(_printf_fp_hex.o)(c_w.l)
    0x08006b98   0x0000002c   Code   RO          658    .text               c_w.l(_printf_char.o)(c_w.l)
    0x08006bc4   0x00000024   Code   RO          660    .text               c_w.l(_printf_char_file.o)(c_w.l)
    0x08006be8   0x0000002c   Code   RO          662    .text               c_w.l(_printf_wchar.o)(c_w.l)
    0x08006c14   0x00000078   Code   RO          664    .text               c_w.l(_printf_longlong_dec.o)(c_w.l)
    0x08006c8c   0x00000040   Code   RO          678    .text               c_w.l(_wcrtomb.o)(c_w.l)
    0x08006ccc   0x00000044   Code   RO          680    .text               c_w.l(rt_memclr.o)(c_w.l)
    0x08006d10   0x00000010   Code   RO          682    .text               c_w.l(rtudiv10.o)(c_w.l)
    0x08006d20   0x00000010   Code   RO          713    .text               c_w.l(rt_ctype_table.o)(c_w.l)
    0x08006d30   0x0000000c   Code   RO          718    .text               c_w.l(rt_locale_intlibspace.o)(c_w.l)
    0x08006d3c   0x0000008a   Code   RO          720    .text               c_w.l(lludiv10.o)(c_w.l)
    0x08006dc6   0x00000002   PAD
    0x08006dc8   0x00000030   Code   RO          722    .text               c_w.l(_printf_char_common.o)(c_w.l)
    0x08006df8   0x0000007c   Code   RO          724    .text               c_w.l(_printf_fp_infnan.o)(c_w.l)
    0x08006e74   0x000000ec   Code   RO          726    .text               c_w.l(bigflt0.o)(c_w.l)
    0x08006f60   0x00000008   Code   RO          751    .text               c_w.l(ferror.o)(c_w.l)
    0x08006f68   0x00000008   Code   RO          762    .text               c_w.l(libspace.o)(c_w.l)
    0x08006f70   0x0000004a   Code   RO          765    .text               c_w.l(sys_stackheap_outer.o)(c_w.l)
    0x08006fba   0x0000000c   Code   RO          772    .text               c_w.l(exit.o)(c_w.l)
    0x08006fc6   0x00000002   PAD
    0x08006fc8   0x00000080   Code   RO          774    .text               c_w.l(strcmpv7m.o)(c_w.l)
    0x08007048   0x0000000c   Code   RO          841    .text               c_w.l(rt_fp_status_addr_intlibspace.o)(c_w.l)
    0x08007054   0x0000003e   Code   RO          729    CL$$btod_d2e        c_w.l(btod.o)(c_w.l)
    0x08007092   0x00000046   Code   RO          731    CL$$btod_d2e_denorm_low  c_w.l(btod.o)(c_w.l)
    0x080070d8   0x00000060   Code   RO          730    CL$$btod_d2e_norm_op1  c_w.l(btod.o)(c_w.l)
    0x08007138   0x00000338   Code   RO          739    CL$$btod_div_common  c_w.l(btod.o)(c_w.l)
    0x08007470   0x000000c6   Code   RO          736    CL$$btod_e2e        c_w.l(btod.o)(c_w.l)
    0x08007536   0x00000028   Code   RO          733    CL$$btod_ediv       c_w.l(btod.o)(c_w.l)
    0x0800755e   0x00000028   Code   RO          732    CL$$btod_emul       c_w.l(btod.o)(c_w.l)
    0x08007586   0x00000244   Code   RO          738    CL$$btod_mult_common  c_w.l(btod.o)(c_w.l)
    0x080077ca   0x00000028   Code   RO          760    i.__ARM_fpclassify  m_ws.l(fpclassify.o)(m_ws.l)
    0x080077f2   0x00000002   PAD
    0x080077f4   0x0000002c   Code   RO          756    locale$$code        c_w.l(lc_numeric_c.o)(c_w.l)
    0x08007820   0x0000002c   Code   RO          770    locale$$code        c_w.l(lc_ctype_c.o)(c_w.l)
    0x0800784c   0x00000062   Code   RO          603    x$fpl$d2f           fz_ws.l(d2f.o)(fz_ws.l)
    0x080078ae   0x00000002   PAD
    0x080078b0   0x000002b0   Code   RO          606    x$fpl$ddiv          fz_ws.l(ddiv.o)(fz_ws.l)
    0x08007b60   0x00000154   Code   RO          609    x$fpl$dmul          fz_ws.l(dmul.o)(fz_ws.l)
    0x08007cb4   0x0000009c   Code   RO          684    x$fpl$dnaninf       fz_ws.l(dnaninf.o)(fz_ws.l)
    0x08007d50   0x0000000c   Code   RO          686    x$fpl$dretinf       fz_ws.l(dretinf.o)(fz_ws.l)
    0x08007d5c   0x00000056   Code   RO          611    x$fpl$f2d           fz_ws.l(f2d.o)(fz_ws.l)
    0x08007db2   0x00000002   PAD
    0x08007db4   0x000000c4   Code   RO          613    x$fpl$fadd          fz_ws.l(faddsub_clz.o)(fz_ws.l)
    0x08007e78   0x00000018   Code   RO          688    x$fpl$fcmpinf       fz_ws.l(fcmpi.o)(fz_ws.l)
    0x08007e90   0x00000184   Code   RO          620    x$fpl$fdiv          fz_ws.l(fdiv.o)(fz_ws.l)
    0x08008014   0x0000003e   Code   RO          623    x$fpl$ffixu         fz_ws.l(ffixu.o)(fz_ws.l)
    0x08008052   0x00000002   PAD
    0x08008054   0x00000030   Code   RO          628    x$fpl$fflt          fz_ws.l(fflt_clz.o)(fz_ws.l)
    0x08008084   0x00000026   Code   RO          627    x$fpl$ffltu         fz_ws.l(fflt_clz.o)(fz_ws.l)
    0x080080aa   0x00000002   PAD
    0x080080ac   0x00000068   Code   RO          633    x$fpl$fleqf         fz_ws.l(fleqf.o)(fz_ws.l)
    0x08008114   0x00000102   Code   RO          635    x$fpl$fmul          fz_ws.l(fmul.o)(fz_ws.l)
    0x08008216   0x0000008c   Code   RO          690    x$fpl$fnaninf       fz_ws.l(fnaninf.o)(fz_ws.l)
    0x080082a2   0x0000000e   Code   RO          828    x$fpl$fpinit        fz_ws.l(fpinit.o)(fz_ws.l)
    0x080082b0   0x0000000a   Code   RO          692    x$fpl$fretinf       fz_ws.l(fretinf.o)(fz_ws.l)
    0x080082ba   0x00000014   Code   RO          614    x$fpl$frsb          fz_ws.l(faddsub_clz.o)(fz_ws.l)
    0x080082ce   0x00000002   PAD
    0x080082d0   0x000000ea   Code   RO          615    x$fpl$fsub          fz_ws.l(faddsub_clz.o)(fz_ws.l)
    0x080083ba   0x00000004   Code   RO          637    x$fpl$printf1       fz_ws.l(printf1.o)(fz_ws.l)
    0x080083be   0x00000004   Code   RO          639    x$fpl$printf2       fz_ws.l(printf2.o)(fz_ws.l)
    0x080083c2   0x00000000   Code   RO          694    x$fpl$usenofp       fz_ws.l(usenofp.o)(fz_ws.l)
    0x080083c2   0x00000002   PAD
    0x080083c4   0x000012e6   Data   RO          178    .constdata          iso15765_4.o
    0x080096aa   0x00000002   PAD
    0x080096ac   0x000012e4   Data   RO          262    .constdata          iso14230_4.o
    0x0800a990   0x000012e4   Data   RO          282    .constdata          iso9141_2.o
    0x0800bc74   0x00000040   Data   RO          346    .constdata          ledcommand.o
    0x0800bcb4   0x0000218f   Data   RO          499    .constdata          chinese.o
    0x0800de43   0x00000001   PAD
    0x0800de44   0x00000008   Data   RO          532    .constdata          c_w.l(_printf_wctomb.o)(c_w.l)
    0x0800de4c   0x00000028   Data   RO          559    .constdata          c_w.l(_printf_hex_int_ll_ptr.o)(c_w.l)
    0x0800de74   0x00000011   Data   RO          577    .constdata          c_w.l(__printf_flags_ss_wp.o)(c_w.l)
    0x0800de85   0x00000026   Data   RO          656    .constdata          c_w.l(_printf_fp_hex.o)(c_w.l)
    0x0800deab   0x00000001   PAD
    0x0800deac   0x00000094   Data   RO          727    .constdata          c_w.l(bigflt0.o)(c_w.l)
    0x0800df40   0x00000451   Data   RO          179    .conststring        iso15765_4.o
    0x0800e391   0x0000010f   Data   RO          263    .conststring        iso14230_4.o
    0x0800e4a0   0x00000020   Data   RO          903    Region$$Table       anon$$obj.o
    0x0800e4c0   0x0000001c   Data   RO          755    locale$$data        c_w.l(lc_numeric_c.o)(c_w.l)
    0x0800e4dc   0x00000110   Data   RO          769    locale$$data        c_w.l(lc_ctype_c.o)(c_w.l)


    Execution Region RW_IRAM1 (Base: 0x20000000, Size: 0x00004e28, Max: 0x00005000, ABSOLUTE, COMPRESSED[0x00000dd4])

    Base Addr    Size         Type   Attr      Idx    E Section Name        Object

    0x20000000   0x00000003   Data   RW            3    .data               stm32f10x_it.o
    0x20000003   0x00000001   PAD
    0x20000004   0x0000000a   Data   RW          180    .data               iso15765_4.o
    0x2000000e   0x00000004   Data   RW          298    .data               delay.o
    0x20000012   0x00000002   PAD
    0x20000014   0x0000000d   Data   RW          313    .data               bsp.o
    0x20000021   0x00000014   Data   RW          422    .data               stm32f10x_rcc.o
    0x20000035   0x00000003   PAD
    0x20000038   0x00000014   Data   RW          459    .data               system_stm32f10x.o
    0x2000004c   0x00004674   Data   RW          483    .data               tab.o
    0x200046c0   0x0000007c   Zero   RW            2    .bss                stm32f10x_it.o
    0x2000473c   0x00000026   Zero   RW          177    .bss                iso15765_4.o
    0x20004762   0x00000064   Zero   RW          312    .bss                bsp.o
    0x200047c6   0x00000002   PAD
    0x200047c8   0x00000060   Zero   RW          763    .bss                c_w.l(libspace.o)(c_w.l)
    0x20004828   0x00000200   Zero   RW          477    HEAP                startup_stm32f10x_md.o
    0x20004a28   0x00000400   Zero   RW          476    STACK               startup_stm32f10x_md.o


==============================================================================

Image component sizes


      Code (inc. data)   RO Data    RW Data    ZI Data      Debug   Object Name

      1804         60          0         13        100          0   bsp.o
         0          0       8591          0          0          0   chinese.o
         0          0          0          0          0          0   core_cm3.o
       188         10          0          4          0          0   delay.o
      1628        120       5107          0          0          0   iso14230_4.o
      6928        720       5943         10         38          0   iso15765_4.o
      1592        112       4836          0          0          0   iso9141_2.o
         0          0         64          0          0          0   ledcommand.o
       168         36          0          0          0          0   main.o
       248         30          0          0          0          0   misc.o
        64         26        236          0       1536          0   startup_stm32f10x_md.o
      2580         60          0          0          0          0   stm32f10x_can.o
       856         40          0          0          0          0   stm32f10x_gpio.o
      1292        260          0          3        124          0   stm32f10x_it.o
       932         52          0         20          0          0   stm32f10x_rcc.o
      3502         86          0          0          0          0   stm32f10x_tim.o
      1036         20          0          0          0          0   stm32f10x_usart.o
       456         36          0         20          0          0   system_stm32f10x.o
         0          0          0      18036          0          0   tab.o

    ----------------------------------------------------------------------
     23276       1668      24812      18112       1800          0   Object Totals
         0          0         32          0          0          0   (incl. Generated)
         2          0          3          6          2          3   (incl. Padding)

    ----------------------------------------------------------------------

      Code (inc. data)   RO Data    RW Data    ZI Data      Debug   Library Member Name

        24          4          0          0          0          0   __2printf.o
        90          0          0          0          0          0   __dczerorl2.o
         8          0          0          0          0          0   __main.o
       412          6         17          0          0          0   __printf_flags_ss_wp.o
        52          8          0          0          0          0   __scatter.o
        28          0          0          0          0          0   __scatter_zi.o
         6          0          0          0          0          0   _printf_a.o
         6          0          0          0          0          0   _printf_c.o
        44          0          0          0          0          0   _printf_char.o
        48          6          0          0          0          0   _printf_char_common.o
        36          4          0          0          0          0   _printf_char_file.o
        42          0          0          0          0          0   _printf_charcount.o
         6          0          0          0          0          0   _printf_d.o
       116         18          0          0          0          0   _printf_dec.o
         6          0          0          0          0          0   _printf_e.o
         6          0          0          0          0          0   _printf_f.o
      1038          0          0          0          0          0   _printf_fp_dec.o
       756          8         38          0          0          0   _printf_fp_hex.o
       124         16          0          0          0          0   _printf_fp_infnan.o
         6          0          0          0          0          0   _printf_g.o
       156          6         40          0          0          0   _printf_hex_int_ll_ptr.o
         6          0          0          0          0          0   _printf_i.o
       180          0          0          0          0          0   _printf_intcommon.o
        10          0          0          0          0          0   _printf_l.o
         6          0          0          0          0          0   _printf_lc.o
        10          0          0          0          0          0   _printf_ll.o
         6          0          0          0          0          0   _printf_lld.o
         6          0          0          0          0          0   _printf_lli.o
         6          0          0          0          0          0   _printf_llo.o
         6          0          0          0          0          0   _printf_llu.o
         6          0          0          0          0          0   _printf_llx.o
       120         16          0          0          0          0   _printf_longlong_dec.o
         6          0          0          0          0          0   _printf_ls.o
         6          0          0          0          0          0   _printf_n.o
         6          0          0          0          0          0   _printf_o.o
       120          8          0          0          0          0   _printf_oct_int_ll.o
         6          0          0          0          0          0   _printf_p.o
        80          0          0          0          0          0   _printf_pad.o
         0          0          0          0          0          0   _printf_percent.o
         4          0          0          0          0          0   _printf_percent_end.o
         6          0          0          0          0          0   _printf_s.o
        82          0          0          0          0          0   _printf_str.o
        36          0          0          0          0          0   _printf_truncate.o
         6          0          0          0          0          0   _printf_u.o
        44          0          0          0          0          0   _printf_wchar.o
       188          6          8          0          0          0   _printf_wctomb.o
         6          0          0          0          0          0   _printf_x.o
        64          0          0          0          0          0   _wcrtomb.o
       236          6        148          0          0          0   bigflt0.o
      1910        128          0          0          0          0   btod.o
        24          4          0          0          0          0   c89printf.o
        12          0          0          0          0          0   exit.o
         8          0          0          0          0          0   ferror.o
         6          0          0          0          0          0   heapauxi.o
        44         10        272          0          0          0   lc_ctype_c.o
        44         10         28          0          0          0   lc_numeric_c.o
         6          0          0          0          0          0   libinit.o
        30          0          0          0          0          0   libinit2.o
         2          0          0          0          0          0   libshutdown.o
         2          0          0          0          0          0   libshutdown2.o
         8          4          0          0         96          0   libspace.o
       138          0          0          0          0          0   lludiv10.o
        16          4          0          0          0          0   rt_ctype_table.o
        12          4          0          0          0          0   rt_fp_status_addr_intlibspace.o
        12          4          0          0          0          0   rt_locale_intlibspace.o
        68          0          0          0          0          0   rt_memclr.o
        78          0          0          0          0          0   rt_memclr_w.o
         0          0          0          0          0          0   rtentry.o
        12          0          0          0          0          0   rtentry2.o
         6          0          0          0          0          0   rtentry4.o
         2          0          0          0          0          0   rtexit.o
        10          0          0          0          0          0   rtexit2.o
        16          0          0          0          0          0   rtudiv10.o
       128          0          0          0          0          0   strcmpv7m.o
        62          0          0          0          0          0   strlen.o
       140          0          0          0          0          0   strncmp.o
        86          0          0          0          0          0   strncpy.o
        74          0          0          0          0          0   sys_stackheap_outer.o
         2          0          0          0          0          0   use_no_semi.o
         2          0          0          0          0          0   use_no_semi_2.o
        98          4          0          0          0          0   d2f.o
       688        140          0          0          0          0   ddiv.o
       340         12          0          0          0          0   dmul.o
       156          4          0          0          0          0   dnaninf.o
        12          0          0          0          0          0   dretinf.o
        86          4          0          0          0          0   f2d.o
       450          8          0          0          0          0   faddsub_clz.o
        24          0          0          0          0          0   fcmpi.o
       388         76          0          0          0          0   fdiv.o
        62          4          0          0          0          0   ffixu.o
        86          0          0          0          0          0   fflt_clz.o
       104          4          0          0          0          0   fleqf.o
       258          4          0          0          0          0   fmul.o
       140          4          0          0          0          0   fnaninf.o
        14          0          0          0          0          0   fpinit.o
        10          0          0          0          0          0   fretinf.o
         4          0          0          0          0          0   printf1.o
         4          0          0          0          0          0   printf2.o
         0          0          0          0          0          0   usenofp.o
        40          0          0          0          0          0   fpclassify.o

    ----------------------------------------------------------------------
     10220        544        552          0         96          0   Library Totals
        28          0          1          0          0          0   (incl. Padding)

    ----------------------------------------------------------------------

      Code (inc. data)   RO Data    RW Data    ZI Data      Debug   Library Name

      7228        280        551          0         96       4500   c_w.l
      2924        264          0          0          0       1804   fz_ws.l
        40          0          0          0          0         68   m_ws.l

    ----------------------------------------------------------------------
     10220        544        552          0         96          0   Library Totals

    ----------------------------------------------------------------------

==============================================================================


      Code (inc. data)   RO Data    RW Data    ZI Data      Debug   

     33496       2212      25364      18112       1896     582912   Grand Totals
     33496       2212      25364       3540       1896     582912   ELF Image Totals (compressed)
     33496       2212      25364       3540          0          0   ROM Totals

==============================================================================

    Total RO  Size (Code + RO Data)                58860 (  57.48kB)
    Total RW  Size (RW Data + ZI Data)             20008 (  19.54kB)
    Total ROM Size (Code + RO Data + RW Data)      62400 (  60.94kB)

==============================================================================

